[WARNING]: Platform freebsd on host tpol is using the discovered Python
interpreter at /usr/local/bin/python3.11, but future installation of another
Python interpreter could change the meaning of that path. See
https://docs.ansible.com/ansible-
core/2.14/reference_appendices/interpreter_discovery.html for more information.
[WARNING]: Platform freebsd on host albirgestion is using the discovered Python
interpreter at /usr/local/bin/python3.11, but future installation of another
Python interpreter could change the meaning of that path. See
https://docs.ansible.com/ansible-
core/2.14/reference_appendices/interpreter_discovery.html for more information.
[WARNING]: Platform freebsd on host tecnobox is using the discovered Python
interpreter at /usr/local/bin/python3.11, but future installation of another
Python interpreter could change the meaning of that path. See
https://docs.ansible.com/ansible-
core/2.14/reference_appendices/interpreter_discovery.html for more information.
[WARNING]: Platform freebsd on host thot is using the discovered Python
interpreter at /usr/local/bin/python3.11, but future installation of another
Python interpreter could change the meaning of that path. See
https://docs.ansible.com/ansible-
core/2.14/reference_appendices/interpreter_discovery.html for more information.
[WARNING]: Platform freebsd on host poste is using the discovered Python
interpreter at /usr/local/bin/python3.11, but future installation of another
Python interpreter could change the meaning of that path. See
https://docs.ansible.com/ansible-
core/2.14/reference_appendices/interpreter_discovery.html for more information.
